[1013/130211.287:WARNING:value_store_frontend.cc(45)] Reading mhjfbmdgcfjbbpaeojofohoefgiehjai.alarms from  failed: IO error: .../MANIFEST-000001: Unable to create sequential file (ChromeMethodBFE: 7::NewSequentialFile::1)
[1013/130258.079:WARNING:angle_platform_impl.cc(48)] HLSLCompiler.cpp:257 (compileToBinary): 
C:\fakepath(102,1-6): warning X4000: use of potentially uninitialized variable (dyn_index_vec4_float4)

[1013/130258.184:WARNING:angle_platform_impl.cc(48)] HLSLCompiler.cpp:257 (compileToBinary): 
C:\fakepath(135,1): warning X4000: use of potentially uninitialized variable (f_i)
C:\fakepath(137,1): warning X4000: use of potentially uninitialized variable (f_i)
C:\fakepath(173,1): warning X4000: use of potentially uninitialized variable (f_u)

[1013/130258.639:WARNING:angle_platform_impl.cc(48)] HLSLCompiler.cpp:257 (compileToBinary): 
C:\fakepath(165,1): warning X4000: use of potentially uninitialized variable (f_renderMipMapLevel)

[1013/130314.844:WARNING:angle_platform_impl.cc(48)] HLSLCompiler.cpp:257 (compileToBinary): 
C:\fakepath(102,1-6): warning X4000: use of potentially uninitialized variable (dyn_index_vec4_float4)

[1013/130314.938:WARNING:angle_platform_impl.cc(48)] HLSLCompiler.cpp:257 (compileToBinary): 
C:\fakepath(135,1): warning X4000: use of potentially uninitialized variable (f_i)
C:\fakepath(137,1): warning X4000: use of potentially uninitialized variable (f_i)
C:\fakepath(173,1): warning X4000: use of potentially uninitialized variable (f_u)

[1013/130315.185:WARNING:angle_platform_impl.cc(48)] HLSLCompiler.cpp:257 (compileToBinary): 
C:\fakepath(165,1): warning X4000: use of potentially uninitialized variable (f_renderMipMapLevel)

[1013/130315.373:ERROR:gl_utils.cc(314)] [.WebGL-0000073432BE6180] GL_INVALID_OPERATION: Two textures of different types use the same sampler location.
[1013/130315.373:ERROR:gl_utils.cc(314)] [.WebGL-0000073432BE6180] GL_INVALID_OPERATION: Two textures of different types use the same sampler location.
[1013/130315.373:ERROR:gl_utils.cc(314)] [.WebGL-0000073432BE6180] GL_INVALID_OPERATION: Two textures of different types use the same sampler location.
[1013/130315.373:ERROR:gl_utils.cc(314)] [.WebGL-0000073432BE6180] GL_INVALID_OPERATION: Two textures of different types use the same sampler location.
[1013/130315.373:ERROR:gl_utils.cc(314)] [.WebGL-0000073432BE6180] GL_INVALID_OPERATION: Two textures of different types use the same sampler location.
[1013/130315.389:ERROR:gl_utils.cc(314)] [.WebGL-0000073432BE6180] GL_INVALID_OPERATION: Two textures of different types use the same sampler location.
[1013/130315.389:ERROR:gl_utils.cc(314)] [.WebGL-0000073432BE6180] GL_INVALID_OPERATION: Two textures of different types use the same sampler location.
[1013/130315.389:ERROR:gl_utils.cc(314)] [.WebGL-0000073432BE6180] GL_INVALID_OPERATION: Two textures of different types use the same sampler location.
[1013/130315.389:ERROR:gl_utils.cc(314)] [.WebGL-0000073432BE6180] GL_INVALID_OPERATION: Two textures of different types use the same sampler location.
[1013/130315.389:ERROR:gl_utils.cc(314)] [.WebGL-0000073432BE6180] GL_INVALID_OPERATION: Two textures of different types use the same sampler location.
[1013/130410.096:ERROR:gpu_init.cc(426)] Passthrough is not supported, GL is disabled
[1013/133429.661:WARNING:angle_platform_impl.cc(48)] HLSLCompiler.cpp:257 (compileToBinary): 
C:\fakepath(102,1-6): warning X4000: use of potentially uninitialized variable (dyn_index_vec4_float4)

[1013/133429.763:WARNING:angle_platform_impl.cc(48)] HLSLCompiler.cpp:257 (compileToBinary): 
C:\fakepath(135,1): warning X4000: use of potentially uninitialized variable (f_i)
C:\fakepath(137,1): warning X4000: use of potentially uninitialized variable (f_i)
C:\fakepath(173,1): warning X4000: use of potentially uninitialized variable (f_u)

[1013/133440.302:WARNING:angle_platform_impl.cc(48)] HLSLCompiler.cpp:257 (compileToBinary): 
C:\fakepath(102,1-6): warning X4000: use of potentially uninitialized variable (dyn_index_vec4_float4)

[1013/133440.390:WARNING:angle_platform_impl.cc(48)] HLSLCompiler.cpp:257 (compileToBinary): 
C:\fakepath(135,1): warning X4000: use of potentially uninitialized variable (f_i)
C:\fakepath(137,1): warning X4000: use of potentially uninitialized variable (f_i)
C:\fakepath(173,1): warning X4000: use of potentially uninitialized variable (f_u)

[1013/133440.901:WARNING:angle_platform_impl.cc(48)] HLSLCompiler.cpp:257 (compileToBinary): 
C:\fakepath(165,1): warning X4000: use of potentially uninitialized variable (f_renderMipMapLevel)

[1013/133440.910:WARNING:angle_platform_impl.cc(48)] HLSLCompiler.cpp:257 (compileToBinary): 
C:\fakepath(165,1): warning X4000: use of potentially uninitialized variable (f_renderMipMapLevel)

[1013/133440.913:WARNING:angle_platform_impl.cc(48)] HLSLCompiler.cpp:257 (compileToBinary): 
C:\fakepath(165,1): warning X4000: use of potentially uninitialized variable (f_renderMipMapLevel)

[1013/133441.029:WARNING:angle_platform_impl.cc(48)] HLSLCompiler.cpp:257 (compileToBinary): 
C:\fakepath(381,10-38): warning X4008: floating point division by zero
C:\fakepath(381,10-38): warning X4008: floating point division by zero

[1013/135720.716:WARNING:gpu_process_host.cc(1296)] The GPU process has crashed 1 time(s)
